components/Modals/Analyze/Descriptive/Crosstabs/__tests__/CellsTab.test.tsx(38,13): error TS2739: Type '{ options: { cells: { observed: boolean; expected: boolean; row: boolean; column: boolean; total: boolean; hideSmallCounts: boolean; hideSmallCountsThreshold: number; }; residuals: { unstandardized: boolean; standardized: boolean; adjustedStandardized: boolean; }; nonintegerWeights: "roundCell"; }; setOptions: Mock<...' is missing the following properties from type 'CellsTabProps': rowVariables, columnVariables
components/Modals/Analyze/Descriptive/Crosstabs/__tests__/CellsTab.test.tsx(48,13): error TS2739: Type '{ options: { cells: { observed: boolean; expected: boolean; row: boolean; column: boolean; total: boolean; hideSmallCounts: boolean; hideSmallCountsThreshold: number; }; residuals: { unstandardized: boolean; standardized: boolean; adjustedStandardized: boolean; }; nonintegerWeights: "roundCell"; }; setOptions: Mock<...' is missing the following properties from type 'CellsTabProps': rowVariables, columnVariables
components/Modals/Analyze/Descriptive/Crosstabs/__tests__/CellsTab.test.tsx(59,13): error TS2739: Type '{ options: { cells: { observed: boolean; expected: boolean; row: boolean; column: boolean; total: boolean; hideSmallCounts: boolean; hideSmallCountsThreshold: number; }; residuals: { unstandardized: boolean; standardized: boolean; adjustedStandardized: boolean; }; nonintegerWeights: "roundCell"; }; setOptions: Mock<...' is missing the following properties from type 'CellsTabProps': rowVariables, columnVariables
components/Modals/Analyze/Descriptive/Explore/__tests__/plotProcessor.test.ts(39,5): error TS2820: Type '"numeric"' is not assignable to type 'VariableType | undefined'. Did you mean '"NUMERIC"'?
components/Modals/Analyze/Descriptive/Explore/__tests__/plotProcessor.test.ts(44,5): error TS2740: Type '{}' is missing the following properties from type 'ValueLabel[]': length, pop, push, concat, and 35 more.
components/Modals/Analyze/Descriptive/Frequencies/__tests__/VariablesTab.measurement.test.tsx(27,5): error TS2783: 'name' is specified more than once, so this usage will be overwritten.
components/Modals/Analyze/Descriptive/Frequencies/__tests__/VariablesTab.measurement.test.tsx(30,5): error TS2783: 'measure' is specified more than once, so this usage will be overwritten.
components/Modals/Analyze/Descriptive/Frequencies/__tests__/VariablesTab.measurement.test.tsx(56,9): error TS2741: Property 'resetVariableSelection' is missing in type '{ availableVariables: Variable[]; selectedVariables: Variable[]; highlightedVariable: null; setHighlightedVariable: jest.Mock<any, any, any>; moveToSelectedVariables: jest.Mock<...>; moveToAvailableVariables: jest.Mock<...>; reorderVariables: jest.Mock<...>; }' but required in type 'VariableSelectionResult'.
components/Modals/Analyze/Descriptive/Frequencies/__tests__/VariablesTab.measurement.test.tsx(57,9): error TS2741: Property 'resetDisplaySettings' is missing in type '{ showFrequencyTables: boolean; setShowFrequencyTables: jest.Mock<any, any, any>; }' but required in type 'DisplaySettingsResult'.
components/Modals/Analyze/Descriptive/Frequencies/__tests__/VariablesTab.measurement.test.tsx(73,9): error TS2741: Property 'resetVariableSelection' is missing in type '{ availableVariables: Variable[]; selectedVariables: Variable[]; highlightedVariable: null; setHighlightedVariable: jest.Mock<any, any, any>; moveToSelectedVariables: jest.Mock<...>; moveToAvailableVariables: jest.Mock<...>; reorderVariables: jest.Mock<...>; }' but required in type 'VariableSelectionResult'.
components/Modals/Analyze/Descriptive/Frequencies/__tests__/VariablesTab.measurement.test.tsx(74,9): error TS2741: Property 'resetDisplaySettings' is missing in type '{ showFrequencyTables: boolean; setShowFrequencyTables: jest.Mock<any, any, any>; }' but required in type 'DisplaySettingsResult'.
components/Modals/Analyze/dimension-reduction/factor/charts/ScreePlot.tsx(66,13): error TS2322: Type '(value: number) => [string, "Eigenvalue"]' is not assignable to type 'Formatter<number, "Eigenvalue"> & ((value: number, name: "Eigenvalue", item: Payload<number, "Eigenvalue">, index: number, payload: Payload<number, "Eigenvalue">[]) => ReactNode | [...])'.
  Type '(value: number) => [string, "Eigenvalue"]' is not assignable to type 'Formatter<number, "Eigenvalue">'.
    Types of parameters 'value' and 'value' are incompatible.
      Type 'number | undefined' is not assignable to type 'number'.
        Type 'undefined' is not assignable to type 'number'.
components/Modals/Analyze/general-linear-model/univariate/__test__/univariate.performance.test.ts(10,5): error TS2614: Module '"@/components/Modals/Analyze/general-linear-model/univariate/rust/pkg"' has no exported member 'UnivariateAnalysis'. Did you mean to use 'import UnivariateAnalysis from "@/components/Modals/Analyze/general-linear-model/univariate/rust/pkg"' instead?
components/Modals/Analyze/general-linear-model/univariate/__test__/univariate.test.ts(5,5): error TS2614: Module '"@/components/Modals/Analyze/general-linear-model/univariate/rust/pkg/wasm"' has no exported member 'UnivariateAnalysis'. Did you mean to use 'import UnivariateAnalysis from "@/components/Modals/Analyze/general-linear-model/univariate/rust/pkg/wasm"' instead?
components/Modals/Analyze/general-linear-model/univariate/services/univariate-analysis.ts(6,5): error TS2614: Module '"@/components/Modals/Analyze/general-linear-model/univariate/rust/pkg"' has no exported member 'UnivariateAnalysis'. Did you mean to use 'import UnivariateAnalysis from "@/components/Modals/Analyze/general-linear-model/univariate/rust/pkg"' instead?
components/Modals/Analyze/NonparametricTests/LegacyDialogs/TwoRelatedSamples/__tests__/TwoRelatedSamples.test.tsx(207,48): error TS2345: Argument of type '{ availableVariables: never[]; testVariables1: any[]; testVariables2: any[]; highlightedPair: null; setHighlightedPair: jest.Mock<any, any, any>; highlightedVariable: null; setHighlightedVariable: jest.Mock<...>; ... 10 more ...; resetVariableSelection: jest.Mock<...>; }' is not assignable to parameter of type '{ availableVariables: Variable[]; testVariables1: Variable[]; testVariables2: Variable[]; pairNumbers: number[]; highlightedVariable: HighlightedVariable | null; ... 13 more ...; resetVariableSelection: () => void; }'.
  Property 'pairNumbers' is missing in type '{ availableVariables: never[]; testVariables1: any[]; testVariables2: any[]; highlightedPair: null; setHighlightedPair: jest.Mock<any, any, any>; highlightedVariable: null; setHighlightedVariable: jest.Mock<...>; ... 10 more ...; resetVariableSelection: jest.Mock<...>; }' but required in type '{ availableVariables: Variable[]; testVariables1: Variable[]; testVariables2: Variable[]; pairNumbers: number[]; highlightedVariable: HighlightedVariable | null; ... 13 more ...; resetVariableSelection: () => void; }'.
components/Modals/Analyze/Regression/MultinomialLogistic/dialogs/MultinomialLogisticMain.tsx(36,55): error TS2339: Property 'addResult' does not exist on type 'ResultState'.
components/Modals/Analyze/Regression/MultinomialLogistic/dialogs/MultinomialLogisticMain.tsx(214,33): error TS2322: Type 'Dispatch<SetStateAction<{ dependent: Variable | null; factors: Variable[]; covariates: Variable[]; referenceCategory: string; statistics: { caseProcessing: boolean; modelFitting: boolean; ... 6 more ...; confidenceInterval: number; }; criteria: { ...; }; save: { ...; }; }>>' is not assignable to type 'Dispatch<SetStateAction<MultinomialOptions>>'.
  Type 'SetStateAction<MultinomialOptions>' is not assignable to type 'SetStateAction<{ dependent: Variable | null; factors: Variable[]; covariates: Variable[]; referenceCategory: string; statistics: { caseProcessing: boolean; modelFitting: boolean; ... 6 more ...; confidenceInterval: number; }; criteria: { ...; }; save: { ...; }; }>'.
    Type 'MultinomialOptions' is not assignable to type 'SetStateAction<{ dependent: Variable | null; factors: Variable[]; covariates: Variable[]; referenceCategory: string; statistics: { caseProcessing: boolean; modelFitting: boolean; ... 6 more ...; confidenceInterval: number; }; criteria: { ...; }; save: { ...; }; }>'.
      Type 'MultinomialOptions' is missing the following properties from type '{ dependent: Variable | null; factors: Variable[]; covariates: Variable[]; referenceCategory: string; statistics: { caseProcessing: boolean; modelFitting: boolean; ... 6 more ...; confidenceInterval: number; }; criteria: { ...; }; save: { ...; }; }': referenceCategory, statistics, criteria, save
components/Modals/File/ImportCsv/__tests__/index.test.tsx(83,62): error TS2322: Type '{ onClose: Mock<any, any, any>; containerType: string; }' is not assignable to type 'IntrinsicAttributes & ImportCsvProps'.
  Property 'containerType' does not exist on type 'IntrinsicAttributes & ImportCsvProps'.
components/Modals/File/ImportExcel/__tests__/useExcelWorker.test.ts(23,9): error TS7034: Variable 'promise' implicitly has type 'any' in some locations where its type cannot be determined.
components/Modals/File/ImportExcel/__tests__/useExcelWorker.test.ts(33,15): error TS7005: Variable 'promise' implicitly has an 'any' type.
components/Modals/File/ImportExcel/__tests__/useExcelWorker.test.ts(52,9): error TS7034: Variable 'promise' implicitly has type 'any' in some locations where its type cannot be determined.
components/Modals/File/ImportExcel/__tests__/useExcelWorker.test.ts(63,15): error TS7005: Variable 'promise' implicitly has an 'any' type.
components/Modals/Graphs/ChartBuilder/__tests__/ChartBuilder.unit.test.tsx(446,15): error TS2739: Type '{ onClose: Mock<any, any, any>; chartType: string; chartConfigOptions: {}; colorMode: "single"; setColorMode: Mock<any, any, any>; singleColor: string; setSingleColor: Mock<any, any, any>; ... 24 more ...; setShowNormalCurve: Mock<...>; }' is missing the following properties from type 'CustomizationPanelProps': zAxisOptions, setZAxisOptions
jest.setup.ts(6,8): error TS6307: File 'D:/laragon/www/statify64/frontend/public/workers/DescriptiveStatistics/libs/utils/utils.js' is not listed within the file list of project 'D:/laragon/www/statify64/frontend/tsconfig.json'. Projects must list all files or use an 'include' pattern.
stores/__tests__/useTableRefStore.test.ts(29,44): error TS2345: Argument of type '{ current: string; }' is not assignable to parameter of type 'RefObject<HotTableRef>'.
  Types of property 'current' are incompatible.
    Type 'string' is not assignable to type 'HotTableRef'.
stores/__tests__/useVariableStore.test.ts(106,35): error TS2339: Property 'mockImplementation' does not exist on type '(newVar: Omit<Variable, "id">) => Promise<void>'.
stores/__tests__/useVariableStore.test.ts(110,41): error TS2339: Property 'mockImplementation' does not exist on type '() => Promise<Variable[]>'.
